Resolving dependencies...
Downloading packages...
  _fe_analyzer_shared 67.0.0 (89.0.0 available)
  analyzer 6.4.1 (8.2.0 available)
  build 2.4.1 (4.0.0 available)
  build_config 1.1.2 (1.2.0 available)
  build_resolvers 2.4.2 (3.0.4 available)
  build_runner 2.4.13 (2.8.0 available)
  build_runner_core 7.3.2 (9.3.2 available)
  characters 1.4.0 (1.4.1 available)
  dart_style 2.3.6 (3.1.2 available)
  flutter_lints 3.0.2 (6.0.0 available)
  lints 3.0.0 (6.0.0 available)
  material_color_utilities 0.11.1 (0.13.0 available)
  meta 1.16.0 (1.17.0 available)
  shelf_web_socket 2.0.1 (3.0.0 available)
  source_gen 1.5.0 (4.0.1 available)
  source_helper 1.3.5 (1.3.8 available)
  test_api 0.7.6 (0.7.7 available)
  vm_service 15.0.0 (15.0.2 available)
Got dependencies!
18 packages have newer versions incompatible with dependency constraints.
Try `flutter pub outdated` for more information.
Analyzing chat_skill_trainer...                                 

   info - Use 'const' with the constructor to improve performance - lib\core\constants\character_data.dart:15:44 - prefer_const_constructors
   info - Use 'const' with the constructor to improve performance - lib\core\constants\character_data.dart:36:44 - prefer_const_constructors
   info - Use 'const' with the constructor to improve performance - lib\core\constants\character_data.dart:57:45 - prefer_const_constructors
   info - Use 'const' with the constructor to improve performance - lib\core\constants\character_data.dart:78:42 - prefer_const_constructors
   info - Don't invoke 'print' in production code - lib\core\constants\scenario_data.dart:33:7 - avoid_print
   info - Don't invoke 'print' in production code - lib\core\constants\scenario_data.dart:37:7 - avoid_print
   info - Don't invoke 'print' in production code - lib\core\constants\scenario_data.dart:41:7 - avoid_print
   info - Don't invoke 'print' in production code - lib\core\constants\scenario_data.dart:49:9 - avoid_print
   info - Don't invoke 'print' in production code - lib\core\constants\scenario_data.dart:53:7 - avoid_print
   info - Don't invoke 'print' in production code - lib\core\constants\scenario_data.dart:58:7 - avoid_print
   info - Don't invoke 'print' in production code - lib\core\constants\scenario_data.dart:59:7 - avoid_print
   info - Don't invoke 'print' in production code - lib\core\constants\scenario_data.dart:71:5 - avoid_print
   info - Don't invoke 'print' in production code - lib\core\constants\scenario_data.dart:78:5 - avoid_print
   info - Don't invoke 'print' in production code - lib\core\models\hive_models.dart:19:7 - avoid_print
   info - Don't invoke 'print' in production code - lib\core\models\hive_models.dart:25:7 - avoid_print
   info - Don't invoke 'print' in production code - lib\core\models\hive_models.dart:27:7 - avoid_print
   info - Don't invoke 'print' in production code - lib\core\models\hive_models.dart:112:7 - avoid_print
   info - Don't invoke 'print' in production code - lib\core\models\hive_models.dart:131:7 - avoid_print
   info - Don't invoke 'print' in production code - lib\core\models\hive_models.dart:150:7 - avoid_print
   info - Don't invoke 'print' in production code - lib\core\models\hive_models.dart:169:7 - avoid_print
   info - Don't invoke 'print' in production code - lib\core\models\hive_models.dart:191:7 - avoid_print
   info - Don't invoke 'print' in production code - lib\core\models\hive_models.dart:207:7 - avoid_print
   info - Don't invoke 'print' in production code - lib\core\models\hive_models.dart:220:7 - avoid_print
   info - Don't invoke 'print' in production code - lib\core\models\hive_models.dart:222:7 - avoid_print
warning - The left operand can't be null, so the right operand is never executed - lib\core\models\hive_models.dart:238:29 - dead_null_aware_expression
   info - Don't invoke 'print' in production code - lib\core\models\hive_models.dart:268:7 - avoid_print
   info - Don't invoke 'print' in production code - lib\core\models\hive_models.dart:270:7 - avoid_print
   info - Don't invoke 'print' in production code - lib\core\models\hive_models.dart:282:5 - avoid_print
   info - Don't invoke 'print' in production code - lib\core\models\hive_models.dart:283:5 - avoid_print
   info - Don't invoke 'print' in production code - lib\core\models\hive_models.dart:284:5 - avoid_print
warning - The value of the local variable 'count' isn't used - lib\core\models\hive_models.dart:286:9 - unused_local_variable
   info - Don't invoke 'print' in production code - lib\core\models\hive_models.dart:289:7 - avoid_print
   info - Don't invoke 'print' in production code - lib\core\models\hive_models.dart:294:7 - avoid_print
   info - Don't invoke 'print' in production code - lib\core\models\hive_models.dart:296:5 - avoid_print
   info - Use interpolation to compose strings and values - lib\core\models\hive_models.dart:301:57 - prefer_interpolation_to_compose_strings
   info - The imported package 'shared_preferences' isn't a dependency of the importing package - lib\core\services\data_migration_service.dart:3:8 - depend_on_referenced_packages
  error - Target of URI doesn't exist: 'package:shared_preferences/shared_preferences.dart' - lib\core\services\data_migration_service.dart:3:8 - uri_does_not_exist
   info - Don't invoke 'print' in production code - lib\core\services\data_migration_service.dart:18:7 - avoid_print
   info - Don't invoke 'print' in production code - lib\core\services\data_migration_service.dart:22:9 - avoid_print
   info - Don't invoke 'print' in production code - lib\core\services\data_migration_service.dart:29:9 - avoid_print
   info - Don't invoke 'print' in production code - lib\core\services\data_migration_service.dart:34:7 - avoid_print
   info - Don't invoke 'print' in production code - lib\core\services\data_migration_service.dart:38:7 - avoid_print
   info - Don't invoke 'print' in production code - lib\core\services\data_migration_service.dart:41:7 - avoid_print
   info - Don't invoke 'print' in production code - lib\core\services\data_migration_service.dart:42:7 - avoid_print
  error - Undefined name 'SharedPreferences' - lib\core\services\data_migration_service.dart:50:27 - undefined_identifier
   info - Don't invoke 'print' in production code - lib\core\services\data_migration_service.dart:64:13 - avoid_print
   info - Don't invoke 'print' in production code - lib\core\services\data_migration_service.dart:72:7 - avoid_print
  error - Undefined name 'SharedPreferences' - lib\core\services\data_migration_service.dart:79:25 - undefined_identifier
   info - Don't invoke 'print' in production code - lib\core\services\data_migration_service.dart:97:11 - avoid_print
   info - Don't invoke 'print' in production code - lib\core\services\data_migration_service.dart:99:11 - avoid_print
   info - Don't invoke 'print' in production code - lib\core\services\data_migration_service.dart:114:15 - avoid_print
   info - Don't invoke 'print' in production code - lib\core\services\data_migration_service.dart:117:11 - avoid_print
   info - Don't invoke 'print' in production code - lib\core\services\data_migration_service.dart:119:11 - avoid_print
   info - Don't invoke 'print' in production code - lib\core\services\data_migration_service.dart:134:15 - avoid_print
   info - Don't invoke 'print' in production code - lib\core\services\data_migration_service.dart:137:11 - avoid_print
   info - Don't invoke 'print' in production code - lib\core\services\data_migration_service.dart:139:11 - avoid_print
   info - Don't invoke 'print' in production code - lib\core\services\data_migration_service.dart:154:15 - avoid_print
   info - Don't invoke 'print' in production code - lib\core\services\data_migration_service.dart:157:11 - avoid_print
   info - Don't invoke 'print' in production code - lib\core\services\data_migration_service.dart:159:11 - avoid_print
   info - Don't invoke 'print' in production code - lib\core\services\data_migration_service.dart:169:7 - avoid_print
   info - Don't invoke 'print' in production code - lib\core\services\data_migration_service.dart:170:7 - avoid_print
   info - Don't invoke 'print' in production code - lib\core\services\data_migration_service.dart:171:7 - avoid_print
   info - Don't invoke 'print' in production code - lib\core\services\data_migration_service.dart:172:7 - avoid_print
   info - Don't invoke 'print' in production code - lib\core\services\data_migration_service.dart:173:7 - avoid_print
   info - Don't invoke 'print' in production code - lib\core\services\data_migration_service.dart:176:7 - avoid_print
  error - Undefined class 'SharedPreferences' - lib\core\services\data_migration_service.dart:182:40 - undefined_class
   info - Don't invoke 'print' in production code - lib\core\services\data_migration_service.dart:188:9 - avoid_print
   info - Don't invoke 'print' in production code - lib\core\services\data_migration_service.dart:195:9 - avoid_print
   info - Don't invoke 'print' in production code - lib\core\services\data_migration_service.dart:205:13 - avoid_print
   info - Don't invoke 'print' in production code - lib\core\services\data_migration_service.dart:211:7 - avoid_print
  error - Undefined class 'SharedPreferences' - lib\core\services\data_migration_service.dart:216:49 - undefined_class
   info - Don't invoke 'print' in production code - lib\core\services\data_migration_service.dart:239:17 - avoid_print
   info - Don't invoke 'print' in production code - lib\core\services\data_migration_service.dart:243:13 - avoid_print
   info - Don't invoke 'print' in production code - lib\core\services\data_migration_service.dart:249:9 - avoid_print
   info - Don't invoke 'print' in production code - lib\core\services\data_migration_service.dart:253:7 - avoid_print
   info - Don't invoke 'print' in production code - lib\core\services\data_migration_service.dart:260:5 - avoid_print
   info - Don't invoke 'print' in production code - lib\core\services\data_migration_service.dart:266:7 - avoid_print
  error - Undefined name 'SharedPreferences' - lib\core\services\data_migration_service.dart:268:27 - undefined_identifier
   info - Don't invoke 'print' in production code - lib\core\services\data_migration_service.dart:291:11 - avoid_print
   info - Don't invoke 'print' in production code - lib\core\services\data_migration_service.dart:295:7 - avoid_print
   info - Don't invoke 'print' in production code - lib\core\services\data_migration_service.dart:298:7 - avoid_print
   info - Don't invoke 'print' in production code - lib\core\services\data_migration_service.dart:326:7 - avoid_print
   info - Don't invoke 'print' in production code - lib\core\services\data_migration_service.dart:337:7 - avoid_print
   info - Don't invoke 'print' in production code - lib\core\services\data_migration_service.dart:339:7 - avoid_print
   info - Don't invoke 'print' in production code - lib\core\services\data_migration_service.dart:347:7 - avoid_print
  error - Undefined name 'SharedPreferences' - lib\core\services\data_migration_service.dart:349:27 - undefined_identifier
   info - Don't invoke 'print' in production code - lib\core\services\data_migration_service.dart:378:7 - avoid_print
   info - Don't invoke 'print' in production code - lib\core\services\data_migration_service.dart:382:7 - avoid_print
   info - The constant name 'PERFECT_ZONE_START' isn't a lowerCamelCase identifier - lib\core\utils\round_calculator.dart:17:20 - constant_identifier_names
   info - The constant name 'PERFECT_ZONE_END' isn't a lowerCamelCase identifier - lib\core\utils\round_calculator.dart:18:20 - constant_identifier_names
   info - The constant name 'ACCEPTABLE_ZONE_END' isn't a lowerCamelCase identifier - lib\core\utils\round_calculator.dart:19:20 - constant_identifier_names
   info - The constant name 'WARNING_ZONE_END' isn't a lowerCamelCase identifier - lib\core\utils\round_calculator.dart:20:20 - constant_identifier_names
   info - The constant name 'MAX_ROUNDS' isn't a lowerCamelCase identifier - lib\core\utils\round_calculator.dart:21:20 - constant_identifier_names
warning - The value of the local variable 'userMessageCount' isn't used - lib\core\utils\text_analyzer.dart:27:9 - unused_local_variable
   info - The import of 'package:flutter/foundation.dart' is unnecessary because all of the used elements are also provided by the import of 'package:flutter/widgets.dart' - lib\features\ai_companion\companion_controller.dart:3:8 - unnecessary_import
   info - Don't invoke 'print' in production code - lib\features\ai_companion\companion_controller.dart:38:5 - avoid_print
   info - Don't invoke 'print' in production code - lib\features\ai_companion\companion_controller.dart:40:5 - avoid_print
   info - Don't invoke 'print' in production code - lib\features\ai_companion\companion_controller.dart:48:7 - avoid_print
   info - Don't invoke 'print' in production code - lib\features\ai_companion\companion_controller.dart:50:7 - avoid_print
   info - Don't invoke 'print' in production code - lib\features\ai_companion\companion_controller.dart:57:5 - avoid_print
   info - Don't invoke 'print' in production code - lib\features\ai_companion\companion_controller.dart:59:5 - avoid_print
   info - Don't invoke 'print' in production code - lib\features\ai_companion\companion_controller.dart:70:7 - avoid_print
   info - Don't invoke 'print' in production code - lib\features\ai_companion\companion_controller.dart:72:7 - avoid_print
   info - Don't invoke 'print' in production code - lib\features\ai_companion\companion_controller.dart:104:7 - avoid_print
   info - Don't invoke 'print' in production code - lib\features\ai_companion\companion_controller.dart:107:9 - avoid_print
   info - Don't invoke 'print' in production code - lib\features\ai_companion\companion_controller.dart:124:7 - avoid_print
   info - Don't invoke 'print' in production code - lib\features\ai_companion\companion_controller.dart:127:9 - avoid_print
   info - Don't invoke 'print' in production code - lib\features\ai_companion\companion_controller.dart:139:7 - avoid_print
   info - Don't invoke 'print' in production code - lib\features\ai_companion\companion_controller.dart:141:7 - avoid_print
   info - Don't invoke 'print' in production code - lib\features\ai_companion\companion_controller.dart:172:7 - avoid_print
   info - Don't invoke 'print' in production code - lib\features\ai_companion\companion_controller.dart:174:7 - avoid_print
   info - Use interpolation to compose strings and values - lib\features\ai_companion\companion_controller.dart:206:12 - prefer_interpolation_to_compose_strings
  error - The method 'deleteCompanion' isn't defined for the type 'StorageService' - lib\features\ai_companion\companion_controller.dart:341:28 - undefined_method
   info - Use 'const' with the constructor to improve performance - lib\features\ai_companion\companion_controller.dart:359:7 - prefer_const_constructors
   info - Use 'const' with the constructor to improve performance - lib\features\ai_companion\companion_controller.dart:365:7 - prefer_const_constructors
   info - Use 'const' with the constructor to improve performance - lib\features\ai_companion\companion_controller.dart:371:7 - prefer_const_constructors
   info - Use 'const' with the constructor to improve performance - lib\features\ai_companion\companion_controller.dart:377:7 - prefer_const_constructors
   info - Use 'const' with the constructor to improve performance - lib\features\ai_companion\companion_controller.dart:383:7 - prefer_const_constructors
   info - Use 'const' with the constructor to improve performance - lib\features\ai_companion\companion_controller.dart:389:7 - prefer_const_constructors
   info - Use interpolation to compose strings and values - lib\features\ai_companion\companion_memory_service.dart:315:18 - prefer_interpolation_to_compose_strings
   info - Use interpolation to compose strings and values - lib\features\ai_companion\companion_memory_service.dart:327:16 - prefer_interpolation_to_compose_strings
   info - Use interpolation to compose strings and values - lib\features\ai_companion\companion_story_generator.dart:120:16 - prefer_interpolation_to_compose_strings
   info - Use interpolation to compose strings and values - lib\features\ai_companion\companion_story_generator.dart:122:16 - prefer_interpolation_to_compose_strings
   info - Use interpolation to compose strings and values - lib\features\ai_companion\companion_story_generator.dart:124:16 - prefer_interpolation_to_compose_strings
   info - Use interpolation to compose strings and values - lib\features\ai_companion\companion_story_generator.dart:126:16 - prefer_interpolation_to_compose_strings
   info - Use interpolation to compose strings and values - lib\features\ai_companion\companion_story_generator.dart:128:16 - prefer_interpolation_to_compose_strings
   info - Use interpolation to compose strings and values - lib\features\ai_companion\companion_story_generator.dart:130:16 - prefer_interpolation_to_compose_strings
warning - Unused import: '../../../shared/widgets/loading_indicator.dart' - lib\features\ai_companion\pages\companion_chat_page.dart:8:8 - unused_import
   info - Parameter 'key' could be a super parameter - lib\features\ai_companion\pages\companion_chat_page.dart:15:9 - use_super_parameters
   info - Don't invoke 'print' in production code - lib\features\ai_companion\pages\companion_chat_page.dart:32:5 - avoid_print
   info - Don't invoke 'print' in production code - lib\features\ai_companion\pages\companion_chat_page.dart:33:5 - avoid_print
   info - Don't invoke 'print' in production code - lib\features\ai_companion\pages\companion_chat_page.dart:34:5 - avoid_print
   info - Don't invoke 'print' in production code - lib\features\ai_companion\pages\companion_chat_page.dart:39:5 - avoid_print
   info - Don't invoke 'print' in production code - lib\features\ai_companion\pages\companion_chat_page.dart:50:5 - avoid_print
   info - Don't invoke 'print' in production code - lib\features\ai_companion\pages\companion_chat_page.dart:53:7 - avoid_print
   info - Don't invoke 'print' in production code - lib\features\ai_companion\pages\companion_chat_page.dart:55:7 - avoid_print
   info - Don't invoke 'print' in production code - lib\features\ai_companion\pages\companion_chat_page.dart:58:9 - avoid_print
   info - Don't invoke 'print' in production code - lib\features\ai_companion\pages\companion_chat_page.dart:60:9 - avoid_print
   info - Don't invoke 'print' in production code - lib\features\ai_companion\pages\companion_chat_page.dart:67:7 - avoid_print
   info - Don't invoke 'print' in production code - lib\features\ai_companion\pages\companion_chat_page.dart:71:5 - avoid_print
   info - Don't invoke 'print' in production code - lib\features\ai_companion\pages\companion_chat_page.dart:83:7 - avoid_print
   info - Don't invoke 'print' in production code - lib\features\ai_companion\pages\companion_chat_page.dart:94:5 - avoid_print
   info - Don't invoke 'print' in production code - lib\features\ai_companion\pages\companion_chat_page.dart:99:5 - avoid_print
   info - Don't invoke 'print' in production code - lib\features\ai_companion\pages\companion_chat_page.dart:105:5 - avoid_print
   info - 'withOpacity' is deprecated and shouldn't be used. Use .withValues() to avoid precision loss - lib\features\ai_companion\pages\companion_chat_page.dart:129:61 - deprecated_member_use
   info - Don't use 'BuildContext's across async gaps, guarded by an unrelated 'mounted' check - lib\features\ai_companion\pages\companion_chat_page.dart:393:32 - use_build_context_synchronously
   info - Don't use 'BuildContext's across async gaps, guarded by an unrelated 'mounted' check - lib\features\ai_companion\pages\companion_chat_page.dart:397:40 - use_build_context_synchronously
   info - Don't use 'BuildContext's across async gaps, guarded by an unrelated 'mounted' check - lib\features\ai_companion\pages\companion_chat_page.dart:430:40 - use_build_context_synchronously
   info - Don't use 'BuildContext's across async gaps, guarded by an unrelated 'mounted' check - lib\features\ai_companion\pages\companion_chat_page.dart:436:40 - use_build_context_synchronously
   info - Use 'const' with the constructor to improve performance - lib\features\ai_companion\pages\companion_chat_page.dart:467:15 - prefer_const_constructors
   info - Parameter 'key' could be a super parameter - lib\features\ai_companion\pages\companion_selection_page.dart:13:9 - use_super_parameters
   info - Don't invoke 'print' in production code - lib\features\ai_companion\pages\companion_selection_page.dart:27:5 - avoid_print
   info - Don't invoke 'print' in production code - lib\features\ai_companion\pages\companion_selection_page.dart:32:5 - avoid_print
   info - Don't invoke 'print' in production code - lib\features\ai_companion\pages\companion_selection_page.dart:35:7 - avoid_print
   info - Don't invoke 'print' in production code - lib\features\ai_companion\pages\companion_selection_page.dart:38:7 - avoid_print
   info - Don't invoke 'print' in production code - lib\features\ai_companion\pages\companion_selection_page.dart:45:5 - avoid_print
   info - Don't invoke 'print' in production code - lib\features\ai_companion\pages\companion_selection_page.dart:48:7 - avoid_print
   info - Don't invoke 'print' in production code - lib\features\ai_companion\pages\companion_selection_page.dart:51:7 - avoid_print
   info - Don't invoke 'print' in production code - lib\features\ai_companion\pages\companion_selection_page.dart:65:5 - avoid_print
   info - Don't invoke 'print' in production code - lib\features\ai_companion\pages\companion_selection_page.dart:67:5 - avoid_print
   info - Don't invoke 'print' in production code - lib\features\ai_companion\pages\companion_selection_page.dart:73:5 - avoid_print
   info - Don't invoke 'print' in production code - lib\features\ai_companion\pages\companion_selection_page.dart:93:13 - avoid_print
   info - 'withOpacity' is deprecated and shouldn't be used. Use .withValues() to avoid precision loss - lib\features\ai_companion\pages\companion_selection_page.dart:170:59 - deprecated_member_use
   info - Don't invoke 'print' in production code - lib\features\ai_companion\pages\companion_selection_page.dart:248:9 - avoid_print
   info - 'withOpacity' is deprecated and shouldn't be used. Use .withValues() to avoid precision loss - lib\features\ai_companion\pages\companion_selection_page.dart:260:62 - deprecated_member_use
   info - Don't invoke 'print' in production code - lib\features\ai_companion\pages\companion_selection_page.dart:344:5 - avoid_print
   info - Don't invoke 'print' in production code - lib\features\ai_companion\pages\companion_selection_page.dart:351:7 - avoid_print
   info - Don't invoke 'print' in production code - lib\features\ai_companion\pages\companion_selection_page.dart:353:7 - avoid_print
   info - Don't invoke 'print' in production code - lib\features\ai_companion\pages\companion_selection_page.dart:355:7 - avoid_print
   info - Don't invoke 'print' in production code - lib\features\ai_companion\pages\companion_selection_page.dart:357:7 - avoid_print
   info - Don't invoke 'print' in production code - lib\features\ai_companion\pages\companion_selection_page.dart:360:9 - avoid_print
   info - Don't invoke 'print' in production code - lib\features\ai_companion\pages\companion_selection_page.dart:365:7 - avoid_print
   info - Don't invoke 'print' in production code - lib\features\ai_companion\pages\companion_selection_page.dart:368:9 - avoid_print
   info - Don't invoke 'print' in production code - lib\features\ai_companion\pages\companion_selection_page.dart:373:7 - avoid_print
   info - Don't invoke 'print' in production code - lib\features\ai_companion\pages\companion_selection_page.dart:375:7 - avoid_print
   info - Don't invoke 'print' in production code - lib\features\ai_companion\pages\companion_selection_page.dart:377:7 - avoid_print
   info - Don't invoke 'print' in production code - lib\features\ai_companion\pages\companion_selection_page.dart:379:7 - avoid_print
   info - Don't invoke 'print' in production code - lib\features\ai_companion\pages\companion_selection_page.dart:387:9 - avoid_print
   info - Don't invoke 'print' in production code - lib\features\ai_companion\pages\companion_selection_page.dart:398:9 - avoid_print
   info - Don't invoke 'print' in production code - lib\features\ai_companion\pages\companion_selection_page.dart:401:7 - avoid_print
   info - Don't invoke 'print' in production code - lib\features\ai_companion\pages\companion_selection_page.dart:456:5 - avoid_print
   info - Don't invoke 'print' in production code - lib\features\ai_companion\pages\companion_selection_page.dart:473:17 - avoid_print
   info - Don't invoke 'print' in production code - lib\features\ai_companion\pages\companion_selection_page.dart:481:17 - avoid_print
   info - Don't invoke 'print' in production code - lib\features\ai_companion\pages\companion_selection_page.dart:490:19 - avoid_print
   info - Don't invoke 'print' in production code - lib\features\ai_companion\pages\companion_selection_page.dart:499:7 - avoid_print
   info - Don't invoke 'print' in production code - lib\features\ai_companion\pages\companion_selection_page.dart:503:7 - avoid_print
warning - The member 'hasListeners' can only be used within instance members of subclasses of 'ChangeNotifier' - lib\features\ai_companion\pages\companion_selection_page.dart:505:24 - invalid_use_of_protected_member
   info - Don't invoke 'print' in production code - lib\features\ai_companion\pages\companion_selection_page.dart:506:11 - avoid_print
   info - Don't invoke 'print' in production code - lib\features\ai_companion\pages\companion_selection_page.dart:514:5 - avoid_print
   info - Don't invoke 'print' in production code - lib\features\ai_companion\pages\companion_selection_page.dart:531:5 - avoid_print
   info - Parameter 'key' could be a super parameter - lib\features\analysis\pages\analysis_detail_page.dart:15:9 - use_super_parameters
   info - Use 'const' with the constructor to improve performance - lib\features\analysis\pages\analysis_detail_page.dart:174:24 - prefer_const_constructors
   info - Parameter 'key' could be a super parameter - lib\features\analysis\widgets\favorability_chart.dart:9:9 - use_super_parameters
   info - Use 'const' for final variables initialized to a constant value - lib\features\analysis\widgets\favorability_chart.dart:48:5 - prefer_const_declarations
   info - Use 'const' for final variables initialized to a constant value - lib\features\analysis\widgets\favorability_chart.dart:49:5 - prefer_const_declarations
   info - 'withOpacity' is deprecated and shouldn't be used. Use .withValues() to avoid precision loss - lib\features\analysis\widgets\favorability_chart.dart:69:29 - deprecated_member_use
   info - Parameter 'key' could be a super parameter - lib\features\analysis\widgets\key_moment_card.dart:9:9 - use_super_parameters
   info - Parameter 'key' could be a super parameter - lib\features\anti_pua\pages\anti_pua_training_page.dart:6:9 - use_super_parameters
   info - 'withOpacity' is deprecated and shouldn't be used. Use .withValues() to avoid precision loss - lib\features\anti_pua\pages\anti_pua_training_page.dart:203:56 - deprecated_member_use
   info - Don't invoke 'print' in production code - lib\features\auth\auth_controller.dart:22:7 - avoid_print
   info - Don't invoke 'print' in production code - lib\features\auth\auth_controller.dart:28:9 - avoid_print
   info - Don't invoke 'print' in production code - lib\features\auth\auth_controller.dart:34:9 - avoid_print
   info - Don't invoke 'print' in production code - lib\features\auth\auth_controller.dart:39:7 - avoid_print
   info - Don't invoke 'print' in production code - lib\features\auth\auth_controller.dart:61:7 - avoid_print
   info - Don't invoke 'print' in production code - lib\features\auth\auth_controller.dart:77:9 - avoid_print
   info - Don't invoke 'print' in production code - lib\features\auth\auth_controller.dart:86:11 - avoid_print
   info - Don't invoke 'print' in production code - lib\features\auth\auth_controller.dart:94:11 - avoid_print
   info - Don't invoke 'print' in production code - lib\features\auth\auth_controller.dart:101:9 - avoid_print
   info - Don't invoke 'print' in production code - lib\features\auth\auth_controller.dart:106:9 - avoid_print
   info - Don't invoke 'print' in production code - lib\features\auth\auth_controller.dart:112:7 - avoid_print
   info - Don't invoke 'print' in production code - lib\features\auth\auth_controller.dart:144:7 - avoid_print
   info - Don't invoke 'print' in production code - lib\features\auth\auth_controller.dart:155:9 - avoid_print
   info - Don't invoke 'print' in production code - lib\features\auth\auth_controller.dart:170:7 - avoid_print
   info - Don't invoke 'print' in production code - lib\features\auth\auth_controller.dart:175:7 - avoid_print
   info - Don't invoke 'print' in production code - lib\features\auth\auth_controller.dart:189:7 - avoid_print
   info - Don't invoke 'print' in production code - lib\features\auth\auth_controller.dart:192:9 - avoid_print
   info - Don't invoke 'print' in production code - lib\features\auth\auth_controller.dart:199:7 - avoid_print
   info - Don't invoke 'print' in production code - lib\features\auth\auth_controller.dart:203:7 - avoid_print
   info - Don't invoke 'print' in production code - lib\features\auth\auth_controller.dart:215:7 - avoid_print
   info - Don't invoke 'print' in production code - lib\features\auth\auth_controller.dart:225:7 - avoid_print
   info - Don't invoke 'print' in production code - lib\features\auth\auth_controller.dart:229:7 - avoid_print
   info - Don't invoke 'print' in production code - lib\features\auth\auth_controller.dart:241:7 - avoid_print
   info - Don't invoke 'print' in production code - lib\features\auth\auth_controller.dart:247:7 - avoid_print
   info - Don't invoke 'print' in production code - lib\features\auth\auth_controller.dart:263:7 - avoid_print
   info - Don't invoke 'print' in production code - lib\features\auth\auth_controller.dart:269:7 - avoid_print
   info - Don't invoke 'print' in production code - lib\features\auth\auth_controller.dart:279:7 - avoid_print
   info - Don't invoke 'print' in production code - lib\features\auth\auth_controller.dart:285:7 - avoid_print
   info - Don't invoke 'print' in production code - lib\features\auth\auth_controller.dart:333:5 - avoid_print
   info - Don't invoke 'print' in production code - lib\features\auth\auth_controller.dart:342:5 - avoid_print
   info - Don't invoke 'print' in production code - lib\features\auth\auth_controller.dart:352:7 - avoid_print
   info - Don't invoke 'print' in production code - lib\features\auth\auth_controller.dart:368:7 - avoid_print
   info - Don't invoke 'print' in production code - lib\features\auth\auth_controller.dart:378:7 - avoid_print
   info - Don't invoke 'print' in production code - lib\features\auth\auth_controller.dart:387:7 - avoid_print
   info - Don't invoke 'print' in production code - lib\features\auth\auth_controller.dart:397:7 - avoid_print
   info - Don't invoke 'print' in production code - lib\features\auth\auth_controller.dart:401:7 - avoid_print
   info - Don't invoke 'print' in production code - lib\features\auth\auth_controller.dart:405:7 - avoid_print
   info - Parameter 'key' could be a super parameter - lib\features\auth\pages\login_page.dart:9:9 - use_super_parameters
   info - Don't invoke 'print' in production code - lib\features\auth\pages\login_page.dart:154:7 - avoid_print
   info - Don't invoke 'print' in production code - lib\features\auth\pages\login_page.dart:155:7 - avoid_print
   info - Don't invoke 'print' in production code - lib\features\auth\pages\login_page.dart:162:7 - avoid_print
   info - Don't invoke 'print' in production code - lib\features\auth\pages\login_page.dart:165:9 - avoid_print
   info - Don't invoke 'print' in production code - lib\features\auth\pages\login_page.dart:167:9 - avoid_print
   info - Don't invoke 'print' in production code - lib\features\auth\pages\login_page.dart:169:9 - avoid_print
   info - Parameter 'key' could be a super parameter - lib\features\character_selection\pages\character_detail_page.dart:11:9 - use_super_parameters
   info - Parameter 'key' could be a super parameter - lib\features\character_selection\pages\character_grid_page.dart:11:9 - use_super_parameters
   info - Parameter 'key' could be a super parameter - lib\features\character_selection\widgets\character_card.dart:9:9 - use_super_parameters
   info - 'withOpacity' is deprecated and shouldn't be used. Use .withValues() to avoid precision loss - lib\features\character_selection\widgets\character_card.dart:36:57 - deprecated_member_use
   info - 'withOpacity' is deprecated and shouldn't be used. Use .withValues() to avoid precision loss - lib\features\character_selection\widgets\character_card.dart:62:57 - deprecated_member_use
warning - Unused import: '../../../core/models/conversation_model.dart' - lib\features\chat\pages\basic_chat_page.dart:6:8 - unused_import
   info - Parameter 'key' could be a super parameter - lib\features\chat\pages\basic_chat_page.dart:19:9 - use_super_parameters
   info - 'withOpacity' is deprecated and shouldn't be used. Use .withValues() to avoid precision loss - lib\features\chat\pages\basic_chat_page.dart:134:41 - deprecated_member_use
   info - Parameter 'key' could be a super parameter - lib\features\chat\widgets\chat_input.dart:11:9 - use_super_parameters
   info - Unnecessary braces in a string interpolation - lib\features\chat\widgets\chat_input.dart:135:18 - unnecessary_brace_in_string_interps
   info - Parameter 'key' could be a super parameter - lib\features\chat\widgets\favorability_display.dart:13:9 - use_super_parameters
   info - 'withOpacity' is deprecated and shouldn't be used. Use .withValues() to avoid precision loss - lib\features\chat\widgets\favorability_display.dart:31:34 - deprecated_member_use
   info - 'withOpacity' is deprecated and shouldn't be used. Use .withValues() to avoid precision loss - lib\features\chat\widgets\favorability_display.dart:34:36 - deprecated_member_use
   info - 'withOpacity' is deprecated and shouldn't be used. Use .withValues() to avoid precision loss - lib\features\chat\widgets\favorability_display.dart:154:23 - deprecated_member_use
   info - Parameter 'key' could be a super parameter - lib\features\chat\widgets\message_bubble.dart:13:9 - use_super_parameters
   info - 'withOpacity' is deprecated and shouldn't be used. Use .withValues() to avoid precision loss - lib\features\chat\widgets\message_bubble.dart:66:45 - deprecated_member_use
   info - Parameter 'key' could be a super parameter - lib\features\chat\widgets\round_counter.dart:12:9 - use_super_parameters
   info - 'withOpacity' is deprecated and shouldn't be used. Use .withValues() to avoid precision loss - lib\features\chat\widgets\round_counter.dart:28:28 - deprecated_member_use
   info - 'withOpacity' is deprecated and shouldn't be used. Use .withValues() to avoid precision loss - lib\features\chat\widgets\round_counter.dart:30:47 - deprecated_member_use
warning - Unused import: '../../shared/services/storage_service.dart' - lib\features\combat_training\combat_controller.dart:6:8 - unused_import
  error - The getter 'isEmpty' isn't defined for the type 'Future<List<CombatScenario>>' - lib\features\combat_training\combat_controller.dart:35:21 - undefined_getter
  error - The argument type 'Future<List<CombatScenario>>' can't be assigned to the parameter type 'List<CombatScenario>'.  - lib\features\combat_training\combat_controller.dart:41:20 - argument_type_not_assignable
   info - Parameter 'key' could be a super parameter - lib\features\combat_training\pages\combat_menu_page.dart:7:9 - use_super_parameters
   info - Use 'const' with the constructor to improve performance - lib\features\combat_training\pages\combat_menu_page.dart:33:12 - prefer_const_constructors
   info - Use 'const' with the constructor to improve performance - lib\features\combat_training\pages\combat_menu_page.dart:34:14 - prefer_const_constructors
   info - Use 'const' with the constructor to improve performance - lib\features\combat_training\pages\combat_menu_page.dart:36:16 - prefer_const_constructors
   info - Use 'const' literals as arguments to constructors of '@immutable' classes - lib\features\combat_training\pages\combat_menu_page.dart:38:21 - prefer_const_literals_to_create_immutables
   info - Use 'const' with the constructor to improve performance - lib\features\combat_training\pages\combat_menu_page.dart:39:13 - prefer_const_constructors
   info - Use 'const' literals as arguments to constructors of '@immutable' classes - lib\features\combat_training\pages\combat_menu_page.dart:40:25 - prefer_const_literals_to_create_immutables
   info - 'withOpacity' is deprecated and shouldn't be used. Use .withValues() to avoid precision loss - lib\features\combat_training\pages\combat_menu_page.dart:177:56 - deprecated_member_use
   info - Unnecessary use of 'toList' in a spread - lib\features\combat_training\pages\combat_menu_page.dart:253:18 - unnecessary_to_list_in_spreads
   info - Use 'const' with the constructor to improve performance - lib\features\combat_training\pages\combat_menu_page.dart:303:22 - prefer_const_constructors
   info - Use 'const' literals as arguments to constructors of '@immutable' classes - lib\features\combat_training\pages\combat_menu_page.dart:305:27 - prefer_const_literals_to_create_immutables
   info - Parameter 'key' could be a super parameter - lib\features\combat_training\pages\combat_training_page.dart:13:9 - use_super_parameters
   info - Don't invoke 'print' in production code - lib\features\combat_training\pages\combat_training_page.dart:31:5 - avoid_print
   info - Don't invoke 'print' in production code - lib\features\combat_training\pages\combat_training_page.dart:37:7 - avoid_print
   info - Don't invoke 'print' in production code - lib\features\combat_training\pages\combat_training_page.dart:48:7 - avoid_print
   info - Don't invoke 'print' in production code - lib\features\combat_training\pages\combat_training_page.dart:52:7 - avoid_print
   info - Don't invoke 'print' in production code - lib\features\combat_training\pages\combat_training_page.dart:59:7 - avoid_print
   info - Don't invoke 'print' in production code - lib\features\combat_training\pages\combat_training_page.dart:69:5 - avoid_print
   info - Don't invoke 'print' in production code - lib\features\combat_training\pages\combat_training_page.dart:163:5 - avoid_print
   info - Unnecessary use of 'toList' in a spread - lib\features\combat_training\pages\combat_training_page.dart:305:12 - unnecessary_to_list_in_spreads
warning - Unused import: '../../core/models/conversation_model.dart' - lib\features\confession_predictor\confession_service.dart:3:8 - unused_import
   info - Use 'const' with the constructor to improve performance - lib\features\confession_predictor\confession_service.dart:14:14 - prefer_const_constructors
   info - Use 'const' with the constructor to improve performance - lib\features\confession_predictor\confession_service.dart:59:14 - prefer_const_constructors
warning - Unused import: '../batch_chat_analyzer.dart' - lib\features\confession_predictor\pages\batch_upload_page.dart:5:8 - unused_import
warning - Unused import: '../confession_service.dart' - lib\features\confession_predictor\pages\batch_upload_page.dart:6:8 - unused_import
   info - Parameter 'key' could be a super parameter - lib\features\confession_predictor\pages\batch_upload_page.dart:9:9 - use_super_parameters
   info - Don't use 'BuildContext's across async gaps - lib\features\confession_predictor\pages\batch_upload_page.dart:352:28 - use_build_context_synchronously
   info - Parameter 'key' could be a super parameter - lib\features\confession_predictor\pages\confession_analysis_page.dart:11:9 - use_super_parameters
   info - 'withOpacity' is deprecated and shouldn't be used. Use .withValues() to avoid precision loss - lib\features\confession_predictor\pages\confession_analysis_page.dart:261:56 - deprecated_member_use
   info - 'withOpacity' is deprecated and shouldn't be used. Use .withValues() to avoid precision loss - lib\features\confession_predictor\pages\confession_analysis_page.dart:264:58 - deprecated_member_use
   info - Parameter 'user' could be a super parameter - lib\features\home\home_controller.dart:93:3 - use_super_parameters
   info - Parameter 'user' could be a super parameter - lib\features\home\home_controller.dart:119:3 - use_super_parameters
   info - Parameter 'user' could be a super parameter - lib\features\home\home_controller.dart:145:3 - use_super_parameters
   info - Parameter 'user' could be a super parameter - lib\features\home\home_controller.dart:171:3 - use_super_parameters
   info - Parameter 'user' could be a super parameter - lib\features\home\home_controller.dart:196:3 - use_super_parameters
   info - Parameter 'user' could be a super parameter - lib\features\home\home_controller.dart:222:3 - use_super_parameters
   info - Parameter 'user' could be a super parameter - lib\features\home\home_controller.dart:248:3 - use_super_parameters
   info - Parameter 'key' could be a super parameter - lib\features\home\pages\home_page.dart:10:9 - use_super_parameters
   info - Use 'const' with the constructor to improve performance - lib\features\home\pages\home_page.dart:87:14 - prefer_const_constructors
   info - Use 'const' with the constructor to improve performance - lib\features\home\pages\home_page.dart:88:16 - prefer_const_constructors
   info - Use 'const' with the constructor to improve performance - lib\features\home\pages\home_page.dart:90:18 - prefer_const_constructors
   info - Use 'const' literals as arguments to constructors of '@immutable' classes - lib\features\home\pages\home_page.dart:91:23 - prefer_const_literals_to_create_immutables
   info - Unnecessary use of string interpolation - lib\features\home\pages\home_page.dart:313:21 - unnecessary_string_interpolations
   info - Parameter 'key' could be a super parameter - lib\features\real_chat_assistant\pages\real_chat_assistant_page.dart:12:9 - use_super_parameters
   info - 'withOpacity' is deprecated and shouldn't be used. Use .withValues() to avoid precision loss - lib\features\real_chat_assistant\pages\real_chat_assistant_page.dart:337:60 - deprecated_member_use
   info - Don't use 'BuildContext's across async gaps - lib\features\real_chat_assistant\pages\real_chat_assistant_page.dart:630:28 - use_build_context_synchronously
   info - Don't use 'BuildContext's across async gaps - lib\features\real_chat_assistant\pages\real_chat_assistant_page.dart:652:28 - use_build_context_synchronously
   info - Don't use 'BuildContext's across async gaps - lib\features\real_chat_assistant\pages\real_chat_assistant_page.dart:674:28 - use_build_context_synchronously
   info - Use 'const' with the constructor to improve performance - lib\features\real_chat_assistant\real_chat_controller.dart:209:25 - prefer_const_constructors
   info - Use 'const' with the constructor to improve performance - lib\features\real_chat_assistant\real_chat_controller.dart:217:25 - prefer_const_constructors
   info - Use 'const' with the constructor to improve performance - lib\features\real_chat_assistant\real_chat_controller.dart:225:25 - prefer_const_constructors
   info - Use 'const' with the constructor to improve performance - lib\features\real_chat_assistant\real_chat_controller.dart:283:23 - prefer_const_constructors
   info - Use 'const' with the constructor to improve performance - lib\features\real_chat_assistant\real_chat_controller.dart:294:23 - prefer_const_constructors
   info - Use 'const' with the constructor to improve performance - lib\features\real_chat_assistant\real_chat_controller.dart:303:21 - prefer_const_constructors
   info - Use 'const' with the constructor to improve performance - lib\features\real_chat_assistant\social_radar.dart:8:26 - prefer_const_constructors
   info - The constant name 'show_care' isn't a lowerCamelCase identifier - lib\features\real_chat_assistant\social_radar.dart:346:3 - constant_identifier_names
   info - The constant name 'ask_question' isn't a lowerCamelCase identifier - lib\features\real_chat_assistant\social_radar.dart:347:3 - constant_identifier_names
   info - The constant name 'share_experience' isn't a lowerCamelCase identifier - lib\features\real_chat_assistant\social_radar.dart:348:3 - constant_identifier_names
   info - The constant name 'emotional_support' isn't a lowerCamelCase identifier - lib\features\real_chat_assistant\social_radar.dart:349:3 - constant_identifier_names
   info - The constant name 'future_plan' isn't a lowerCamelCase identifier - lib\features\real_chat_assistant\social_radar.dart:350:3 - constant_identifier_names
   info - The constant name 'cold_response' isn't a lowerCamelCase identifier - lib\features\real_chat_assistant\social_radar.dart:362:3 - constant_identifier_names
   info - The constant name 'keeping_distance' isn't a lowerCamelCase identifier - lib\features\real_chat_assistant\social_radar.dart:364:3 - constant_identifier_names
   info - Use 'const' with the constructor to improve performance - lib\features\real_chat_assistant\social_translator.dart:8:26 - prefer_const_constructors
   info - The constant name 'seeking_attention' isn't a lowerCamelCase identifier - lib\features\real_chat_assistant\social_translator.dart:229:3 - constant_identifier_names
   info - The constant name 'testing_care' isn't a lowerCamelCase identifier - lib\features\real_chat_assistant\social_translator.dart:238:3 - constant_identifier_names
   info - The constant name 'testing_understanding' isn't a lowerCamelCase identifier - lib\features\real_chat_assistant\social_translator.dart:239:3 - constant_identifier_names
   info - The constant name 'seeking_comfort' isn't a lowerCamelCase identifier - lib\features\real_chat_assistant\social_translator.dart:240:3 - constant_identifier_names
   info - The constant name 'seeking_information' isn't a lowerCamelCase identifier - lib\features\real_chat_assistant\social_translator.dart:241:3 - constant_identifier_names
   info - The constant name 'indirect_communication' isn't a lowerCamelCase identifier - lib\features\real_chat_assistant\social_translator.dart:242:3 - constant_identifier_names
   info - The constant name 'general_chat' isn't a lowerCamelCase identifier - lib\features\real_chat_assistant\social_translator.dart:243:3 - constant_identifier_names
   info - Parameter 'key' could be a super parameter - lib\features\settings\pages\settings_page.dart:9:9 - use_super_parameters
   info - 'withOpacity' is deprecated and shouldn't be used. Use .withValues() to avoid precision loss - lib\features\settings\pages\settings_page.dart:78:54 - deprecated_member_use
   info - 'groupValue' is deprecated and shouldn't be used. Use a RadioGroup ancestor to manage group value instead. This feature was deprecated after v3.32.0-0.0.pre - lib\features\settings\pages\settings_page.dart:85:17 - deprecated_member_use
   info - 'onChanged' is deprecated and shouldn't be used. Use RadioGroup to handle value change instead. This feature was deprecated after v3.32.0-0.0.pre - lib\features\settings\pages\settings_page.dart:86:17 - deprecated_member_use
warning - Unused import: 'core/models/user_model.dart' - lib\main.dart:11:8 - unused_import
   info - Don't invoke 'print' in production code - lib\main.dart:18:5 - avoid_print
   info - Don't invoke 'print' in production code - lib\main.dart:22:5 - avoid_print
   info - Don't invoke 'print' in production code - lib\main.dart:25:5 - avoid_print
   info - Don't invoke 'print' in production code - lib\main.dart:27:5 - avoid_print
   info - Don't invoke 'print' in production code - lib\main.dart:29:5 - avoid_print
   info - Don't invoke 'print' in production code - lib\main.dart:33:5 - avoid_print
   info - Don't invoke 'print' in production code - lib\main.dart:34:5 - avoid_print
   info - Parameter 'key' could be a super parameter - lib\main.dart:65:9 - use_super_parameters
   info - Don't invoke 'print' in production code - lib\main.dart:78:5 - avoid_print
   info - Don't invoke 'print' in production code - lib\main.dart:97:7 - avoid_print
   info - Don't invoke 'print' in production code - lib\main.dart:99:7 - avoid_print
   info - Don't invoke 'print' in production code - lib\main.dart:108:7 - avoid_print
   info - Don't invoke 'print' in production code - lib\main.dart:110:7 - avoid_print
   info - Don't invoke 'print' in production code - lib\main.dart:112:7 - avoid_print
   info - Don't invoke 'print' in production code - lib\main.dart:130:5 - avoid_print
   info - Don't invoke 'print' in production code - lib\main.dart:135:5 - avoid_print
   info - Don't invoke 'print' in production code - lib\main.dart:157:13 - avoid_print
   info - Parameter 'key' could be a super parameter - lib\main.dart:180:9 - use_super_parameters
   info - Don't invoke 'print' in production code - lib\routes\app_routes.dart:42:9 - avoid_print
   info - Don't invoke 'print' in production code - lib\routes\app_routes.dart:46:9 - avoid_print
   info - Don't invoke 'print' in production code - lib\routes\app_routes.dart:50:9 - avoid_print
   info - Don't invoke 'print' in production code - lib\routes\app_routes.dart:54:9 - avoid_print
   info - Don't invoke 'print' in production code - lib\routes\app_routes.dart:58:9 - avoid_print
   info - Don't invoke 'print' in production code - lib\routes\app_routes.dart:65:5 - avoid_print
   info - Don't invoke 'print' in production code - lib\routes\app_routes.dart:66:5 - avoid_print
   info - Don't invoke 'print' in production code - lib\routes\app_routes.dart:67:5 - avoid_print
   info - Don't invoke 'print' in production code - lib\routes\app_routes.dart:71:9 - avoid_print
   info - Don't invoke 'print' in production code - lib\routes\app_routes.dart:74:13 - avoid_print
   info - Don't invoke 'print' in production code - lib\routes\app_routes.dart:80:9 - avoid_print
   info - Don't invoke 'print' in production code - lib\routes\app_routes.dart:82:9 - avoid_print
   info - Don't invoke 'print' in production code - lib\routes\app_routes.dart:85:11 - avoid_print
   info - Don't invoke 'print' in production code - lib\routes\app_routes.dart:90:9 - avoid_print
   info - Don't invoke 'print' in production code - lib\routes\app_routes.dart:94:9 - avoid_print
   info - Don't invoke 'print' in production code - lib\routes\app_routes.dart:96:9 - avoid_print
   info - Don't invoke 'print' in production code - lib\routes\app_routes.dart:102:11 - avoid_print
   info - Don't invoke 'print' in production code - lib\routes\app_routes.dart:110:9 - avoid_print
   info - Don't invoke 'print' in production code - lib\routes\app_routes.dart:114:9 - avoid_print
   info - Don't invoke 'print' in production code - lib\routes\app_routes.dart:117:13 - avoid_print
   info - Don't invoke 'print' in production code - lib\routes\app_routes.dart:123:9 - avoid_print
   info - Don't invoke 'print' in production code - lib\routes\app_routes.dart:125:9 - avoid_print
   info - Don't invoke 'print' in production code - lib\routes\app_routes.dart:126:9 - avoid_print
   info - Don't invoke 'print' in production code - lib\routes\app_routes.dart:129:11 - avoid_print
   info - Don't invoke 'print' in production code - lib\routes\app_routes.dart:131:11 - avoid_print
   info - Don't invoke 'print' in production code - lib\routes\app_routes.dart:132:11 - avoid_print
   info - Don't invoke 'print' in production code - lib\routes\app_routes.dart:139:17 - avoid_print
   info - Don't invoke 'print' in production code - lib\routes\app_routes.dart:141:17 - avoid_print
   info - Don't invoke 'print' in production code - lib\routes\app_routes.dart:143:17 - avoid_print
   info - Don't invoke 'print' in production code - lib\routes\app_routes.dart:145:17 - avoid_print
   info - Don't invoke 'print' in production code - lib\routes\app_routes.dart:149:15 - avoid_print
   info - Don't invoke 'print' in production code - lib\routes\app_routes.dart:152:19 - avoid_print
   info - Don't invoke 'print' in production code - lib\routes\app_routes.dart:157:15 - avoid_print
   info - Don't invoke 'print' in production code - lib\routes\app_routes.dart:162:9 - avoid_print
   info - Don't invoke 'print' in production code - lib\routes\app_routes.dart:166:9 - avoid_print
   info - Don't invoke 'print' in production code - lib\routes\app_routes.dart:179:9 - avoid_print
   info - Don't invoke 'print' in production code - lib\routes\app_routes.dart:189:9 - avoid_print
   info - Don't invoke 'print' in production code - lib\routes\app_routes.dart:197:9 - avoid_print
   info - Don't invoke 'print' in production code - lib\routes\app_routes.dart:214:9 - avoid_print
   info - Don't invoke 'print' in production code - lib\routes\app_routes.dart:220:5 - avoid_print
   info - Don't invoke 'print' in production code - lib\routes\app_routes.dart:242:19 - avoid_print
warning - Unused import: 'dart:convert' - lib\shared\services\api_service.dart:3:8 - unused_import
warning - The value of the field '_baseUrl' isn't used - lib\shared\services\api_service.dart:8:23 - unused_field
warning - The value of the field '_timeout' isn't used - lib\shared\services\api_service.dart:9:25 - unused_field
   info - Use 'const' with the constructor to improve performance - lib\shared\services\api_service.dart:125:13 - prefer_const_constructors
warning - The value of the local variable 'userMessage' isn't used - lib\shared\services\api_service.dart:147:11 - unused_local_variable
   info - Use 'const' with the constructor to improve performance - lib\shared\services\billing_service.dart:264:26 - prefer_const_constructors
warning - The value of the local variable 'transaction' isn't used - lib\shared\services\billing_service.dart:277:11 - unused_local_variable
   info - Don't invoke 'print' in production code - lib\shared\services\hive_service.dart:35:7 - avoid_print
   info - Don't invoke 'print' in production code - lib\shared\services\hive_service.dart:39:7 - avoid_print
   info - Don't invoke 'print' in production code - lib\shared\services\hive_service.dart:43:7 - avoid_print
   info - Don't invoke 'print' in production code - lib\shared\services\hive_service.dart:47:7 - avoid_print
   info - Don't invoke 'print' in production code - lib\shared\services\hive_service.dart:50:7 - avoid_print
   info - Don't invoke 'print' in production code - lib\shared\services\hive_service.dart:53:7 - avoid_print
   info - Don't invoke 'print' in production code - lib\shared\services\hive_service.dart:54:7 - avoid_print
   info - Don't invoke 'print' in production code - lib\shared\services\hive_service.dart:82:7 - avoid_print
   info - Don't invoke 'print' in production code - lib\shared\services\hive_service.dart:84:7 - avoid_print
warning - The declaration '_settingsBox' isn't referenced - lib\shared\services\hive_service.dart:90:18 - unused_element
  error - The name '_settingsBox' is already defined - lib\shared\services\hive_service.dart:90:18 - duplicate_definition
warning - The declaration '_usersBox' isn't referenced - lib\shared\services\hive_service.dart:95:29 - unused_element
  error - The name '_usersBox' is already defined - lib\shared\services\hive_service.dart:95:29 - duplicate_definition
warning - The declaration '_conversationsBox' isn't referenced - lib\shared\services\hive_service.dart:100:37 - unused_element
  error - The name '_conversationsBox' is already defined - lib\shared\services\hive_service.dart:100:37 - duplicate_definition
warning - The declaration '_analysisReportsBox' isn't referenced - lib\shared\services\hive_service.dart:105:34 - unused_element
  error - The name '_analysisReportsBox' is already defined - lib\shared\services\hive_service.dart:105:34 - duplicate_definition
warning - The declaration '_companionsBox' isn't referenced - lib\shared\services\hive_service.dart:110:34 - unused_element
  error - The name '_companionsBox' is already defined - lib\shared\services\hive_service.dart:110:34 - duplicate_definition
warning - The declaration '_messagesBox' isn't referenced - lib\shared\services\hive_service.dart:115:18 - unused_element
  error - The name '_messagesBox' is already defined - lib\shared\services\hive_service.dart:115:18 - duplicate_definition
  error - The method 'get' isn't defined for the type 'String' - lib\shared\services\hive_service.dart:123:25 - undefined_method
  error - The method 'put' isn't defined for the type 'String' - lib\shared\services\hive_service.dart:128:24 - undefined_method
  error - The method 'get' isn't defined for the type 'String' - lib\shared\services\hive_service.dart:133:25 - undefined_method
  error - The method 'put' isn't defined for the type 'String' - lib\shared\services\hive_service.dart:138:24 - undefined_method
  error - The method 'get' isn't defined for the type 'String' - lib\shared\services\hive_service.dart:145:22 - undefined_method
  error - The method 'put' isn't defined for the type 'String' - lib\shared\services\hive_service.dart:150:21 - undefined_method
   info - Don't invoke 'print' in production code - lib\shared\services\hive_service.dart:151:5 - avoid_print
  error - The method 'delete' isn't defined for the type 'String' - lib\shared\services\hive_service.dart:161:21 - undefined_method
   info - Don't invoke 'print' in production code - lib\shared\services\hive_service.dart:162:5 - avoid_print
  error - The method 'put' isn't defined for the type 'String' - lib\shared\services\hive_service.dart:167:21 - undefined_method
  error - The method 'get' isn't defined for the type 'String' - lib\shared\services\hive_service.dart:172:22 - undefined_method
  error - The method 'put' isn't defined for the type 'String' - lib\shared\services\hive_service.dart:179:29 - undefined_method
   info - Don't invoke 'print' in production code - lib\shared\services\hive_service.dart:180:5 - avoid_print
  error - The method 'get' isn't defined for the type 'String' - lib\shared\services\hive_service.dart:185:30 - undefined_method
  error - The getter 'values' isn't defined for the type 'String' - lib\shared\services\hive_service.dart:192:50 - undefined_getter
   info - Don't invoke 'print' in production code - lib\shared\services\hive_service.dart:199:7 - avoid_print
   info - Don't invoke 'print' in production code - lib\shared\services\hive_service.dart:202:7 - avoid_print
  error - The getter 'values' isn't defined for the type 'String' - lib\shared\services\hive_service.dart:209:30 - undefined_getter
  error - The method 'delete' isn't defined for the type 'String' - lib\shared\services\hive_service.dart:214:29 - undefined_method
   info - Don't invoke 'print' in production code - lib\shared\services\hive_service.dart:215:5 - avoid_print
  error - The getter 'values' isn't defined for the type 'String' - lib\shared\services\hive_service.dart:225:30 - undefined_getter
  error - The method 'put' isn't defined for the type 'String' - lib\shared\services\hive_service.dart:234:31 - undefined_method
   info - Don't invoke 'print' in production code - lib\shared\services\hive_service.dart:235:5 - avoid_print
  error - The method 'get' isn't defined for the type 'String' - lib\shared\services\hive_service.dart:240:32 - undefined_method
  error - The getter 'values' isn't defined for the type 'String' - lib\shared\services\hive_service.dart:246:34 - undefined_getter
  error - The getter 'values' isn't defined for the type 'String' - lib\shared\services\hive_service.dart:256:47 - undefined_getter
   info - Don't invoke 'print' in production code - lib\shared\services\hive_service.dart:260:7 - avoid_print
   info - Don't invoke 'print' in production code - lib\shared\services\hive_service.dart:263:7 - avoid_print
  error - The getter 'values' isn't defined for the type 'String' - lib\shared\services\hive_service.dart:270:32 - undefined_getter
  error - The method 'delete' isn't defined for the type 'String' - lib\shared\services\hive_service.dart:275:31 - undefined_method
   info - Don't invoke 'print' in production code - lib\shared\services\hive_service.dart:276:5 - avoid_print
  error - The method 'put' isn't defined for the type 'String' - lib\shared\services\hive_service.dart:283:26 - undefined_method
   info - Don't invoke 'print' in production code - lib\shared\services\hive_service.dart:284:5 - avoid_print
  error - The method 'get' isn't defined for the type 'String' - lib\shared\services\hive_service.dart:289:27 - undefined_method
  error - The getter 'values' isn't defined for the type 'String' - lib\shared\services\hive_service.dart:294:27 - undefined_getter
  error - The method 'delete' isn't defined for the type 'String' - lib\shared\services\hive_service.dart:305:26 - undefined_method
  error - The method 'delete' isn't defined for the type 'String' - lib\shared\services\hive_service.dart:308:24 - undefined_method
   info - Don't invoke 'print' in production code - lib\shared\services\hive_service.dart:310:5 - avoid_print
  error - The method 'put' isn't defined for the type 'String' - lib\shared\services\hive_service.dart:319:24 - undefined_method
   info - Don't invoke 'print' in production code - lib\shared\services\hive_service.dart:320:5 - avoid_print
  error - The method 'get' isn't defined for the type 'String' - lib\shared\services\hive_service.dart:327:33 - undefined_method
   info - Don't invoke 'print' in production code - lib\shared\services\hive_service.dart:335:7 - avoid_print
   info - Don't invoke 'print' in production code - lib\shared\services\hive_service.dart:338:7 - avoid_print
   info - Don't invoke 'print' in production code - lib\shared\services\hive_service.dart:362:7 - avoid_print
  error - The method 'compact' isn't defined for the type 'String' - lib\shared\services\hive_service.dart:365:19 - undefined_method
  error - The method 'compact' isn't defined for the type 'String' - lib\shared\services\hive_service.dart:366:27 - undefined_method
  error - The method 'compact' isn't defined for the type 'String' - lib\shared\services\hive_service.dart:367:29 - undefined_method
  error - The method 'compact' isn't defined for the type 'String' - lib\shared\services\hive_service.dart:368:24 - undefined_method
  error - The method 'compact' isn't defined for the type 'String' - lib\shared\services\hive_service.dart:369:22 - undefined_method
   info - Don't invoke 'print' in production code - lib\shared\services\hive_service.dart:372:7 - avoid_print
   info - Don't invoke 'print' in production code - lib\shared\services\hive_service.dart:374:7 - avoid_print
   info - Don't invoke 'print' in production code - lib\shared\services\hive_service.dart:381:7 - avoid_print
  error - The method 'delete' isn't defined for the type 'String' - lib\shared\services\hive_service.dart:396:23 - undefined_method
   info - Don't invoke 'print' in production code - lib\shared\services\hive_service.dart:398:7 - avoid_print
   info - Don't invoke 'print' in production code - lib\shared\services\hive_service.dart:400:7 - avoid_print
   info - Don't invoke 'print' in production code - lib\shared\services\hive_service.dart:407:7 - avoid_print
  error - The method 'clear' isn't defined for the type 'String' - lib\shared\services\hive_service.dart:410:19 - undefined_method
  error - The method 'clear' isn't defined for the type 'String' - lib\shared\services\hive_service.dart:411:27 - undefined_method
  error - The method 'clear' isn't defined for the type 'String' - lib\shared\services\hive_service.dart:412:29 - undefined_method
  error - The method 'clear' isn't defined for the type 'String' - lib\shared\services\hive_service.dart:413:24 - undefined_method
  error - The method 'clear' isn't defined for the type 'String' - lib\shared\services\hive_service.dart:414:22 - undefined_method
   info - Don't invoke 'print' in production code - lib\shared\services\hive_service.dart:418:7 - avoid_print
   info - Don't invoke 'print' in production code - lib\shared\services\hive_service.dart:420:7 - avoid_print
   info - Don't invoke 'print' in production code - lib\shared\services\hive_service.dart:427:7 - avoid_print
   info - Don't invoke 'print' in production code - lib\shared\services\hive_service.dart:440:7 - avoid_print
   info - Don't invoke 'print' in production code - lib\shared\services\hive_service.dart:442:7 - avoid_print
  error - The method 'put' isn't defined for the type 'String' - lib\shared\services\hive_service.dart:450:24 - undefined_method
  error - The method 'get' isn't defined for the type 'String' - lib\shared\services\hive_service.dart:455:25 - undefined_method
  error - The method 'delete' isn't defined for the type 'String' - lib\shared\services\hive_service.dart:460:24 - undefined_method
  error - The method 'put' isn't defined for the type 'String' - lib\shared\services\hive_service.dart:465:24 - undefined_method
  error - The method 'get' isn't defined for the type 'String' - lib\shared\services\hive_service.dart:470:25 - undefined_method
  error - The method 'put' isn't defined for the type 'String' - lib\shared\services\hive_service.dart:475:24 - undefined_method
  error - The method 'get' isn't defined for the type 'String' - lib\shared\services\hive_service.dart:480:31 - undefined_method
  error - The getter 'values' isn't defined for the type 'String' - lib\shared\services\hive_service.dart:496:45 - undefined_getter
   info - Don't invoke 'print' in production code - lib\shared\services\hive_service.dart:510:7 - avoid_print
   info - Don't invoke 'print' in production code - lib\shared\services\hive_service.dart:513:7 - avoid_print
  error - The getter 'values' isn't defined for the type 'String' - lib\shared\services\hive_service.dart:524:45 - undefined_getter
   info - Don't invoke 'print' in production code - lib\shared\services\hive_service.dart:534:7 - avoid_print
   info - Don't invoke 'print' in production code - lib\shared\services\hive_service.dart:537:7 - avoid_print
  error - The getter 'values' isn't defined for the type 'String' - lib\shared\services\hive_service.dart:548:45 - undefined_getter
   info - Don't invoke 'print' in production code - lib\shared\services\hive_service.dart:559:7 - avoid_print
   info - Don't invoke 'print' in production code - lib\shared\services\hive_service.dart:562:7 - avoid_print
  error - The getter 'values' isn't defined for the type 'String' - lib\shared\services\hive_service.dart:574:45 - undefined_getter
   info - Don't invoke 'print' in production code - lib\shared\services\hive_service.dart:593:7 - avoid_print
   info - Don't invoke 'print' in production code - lib\shared\services\hive_service.dart:596:7 - avoid_print
   info - Don't invoke 'print' in production code - lib\shared\services\hive_service.dart:606:7 - avoid_print
   info - Don't invoke 'print' in production code - lib\shared\services\hive_service.dart:622:7 - avoid_print
   info - Don't invoke 'print' in production code - lib\shared\services\hive_service.dart:625:7 - avoid_print
   info - Don't invoke 'print' in production code - lib\shared\services\hive_service.dart:633:7 - avoid_print
   info - Don't invoke 'print' in production code - lib\shared\services\hive_service.dart:674:7 - avoid_print
   info - Don't invoke 'print' in production code - lib\shared\services\hive_service.dart:677:7 - avoid_print
  error - The getter 'values' isn't defined for the type 'String' - lib\shared\services\hive_service.dart:695:19 - undefined_getter
  error - The getter 'values' isn't defined for the type 'String' - lib\shared\services\hive_service.dart:704:27 - undefined_getter
   info - Don't invoke 'print' in production code - lib\shared\services\hive_service.dart:724:7 - avoid_print
warning - Unused import: '../../core/models/character_model.dart' - lib\shared\services\mock_ai_service.dart:4:8 - unused_import
   info - Use interpolation to compose strings and values - lib\shared\services\mock_ai_service.dart:349:18 - prefer_interpolation_to_compose_strings
   info - Use interpolation to compose strings and values - lib\shared\services\mock_ai_service.dart:351:47 - prefer_interpolation_to_compose_strings
   info - Use interpolation to compose strings and values - lib\shared\services\mock_ai_service.dart:356:47 - prefer_interpolation_to_compose_strings
warning - This default clause is covered by the previous cases - lib\shared\services\notification_service.dart:180:7 - unreachable_switch_default
  error - The method 'getStringList' isn't defined for the type 'StorageService' - lib\shared\services\notification_service.dart:317:41 - undefined_method
  error - The method 'setStringList' isn't defined for the type 'StorageService' - lib\shared\services\notification_service.dart:337:28 - undefined_method
warning - This default clause is covered by the previous cases - lib\shared\services\notification_service.dart:392:7 - unreachable_switch_default
warning - This default clause is covered by the previous cases - lib\shared\services\notification_service.dart:415:7 - unreachable_switch_default
warning - This default clause is covered by the previous cases - lib\shared\services\notification_service.dart:439:7 - unreachable_switch_default
  error - A value of type 'Future<List<CombatScenario>>' can't be returned from the method 'getCombatScenarios' because it has a return type of 'List<CombatScenario>' - lib\shared\services\scenario_service.dart:10:12 - return_of_invalid_type
  error - A value of type 'Future<CombatScenario>' can't be returned from the method 'getRandomCombatScenario' because it has a return type of 'CombatScenario' - lib\shared\services\scenario_service.dart:20:12 - return_of_invalid_type
  error - The getter 'combatScenarios' isn't defined for the type 'ScenarioData' - lib\shared\services\scenario_service.dart:25:25 - undefined_getter
  error - The getter 'combatScenarios' isn't defined for the type 'ScenarioData' - lib\shared\services\scenario_service.dart:48:44 - undefined_getter
   info - The imported package 'shared_preferences' isn't a dependency of the importing package - lib\shared\services\storage_service.dart:3:8 - depend_on_referenced_packages
  error - Target of URI doesn't exist: 'package:shared_preferences/shared_preferences.dart' - lib\shared\services\storage_service.dart:3:8 - uri_does_not_exist
  error - Undefined class 'SharedPreferences' - lib\shared\services\storage_service.dart:12:10 - undefined_class
  error - Undefined name 'SharedPreferences' - lib\shared\services\storage_service.dart:23:20 - undefined_identifier
   info - Don't invoke 'print' in production code - lib\shared\services\storage_service.dart:24:5 - avoid_print
  error - Undefined name 'SharedPreferences' - lib\shared\services\storage_service.dart:28:22 - undefined_identifier
   info - Don't invoke 'print' in production code - lib\shared\services\storage_service.dart:66:7 - avoid_print
   info - Don't invoke 'print' in production code - lib\shared\services\storage_service.dart:77:7 - avoid_print
   info - Don't invoke 'print' in production code - lib\shared\services\storage_service.dart:104:7 - avoid_print
   info - Don't invoke 'print' in production code - lib\shared\services\storage_service.dart:138:7 - avoid_print
   info - Don't invoke 'print' in production code - lib\shared\services\storage_service.dart:161:7 - avoid_print
   info - Don't invoke 'print' in production code - lib\shared\services\storage_service.dart:179:7 - avoid_print
   info - Don't invoke 'print' in production code - lib\shared\services\storage_service.dart:206:7 - avoid_print
   info - Don't invoke 'print' in production code - lib\shared\services\storage_service.dart:247:7 - avoid_print
   info - Don't invoke 'print' in production code - lib\shared\services\storage_service.dart:274:7 - avoid_print
   info - Parameter 'key' could be a super parameter - lib\shared\widgets\custom_button.dart:13:9 - use_super_parameters
   info - Parameter 'key' could be a super parameter - lib\shared\widgets\loading_indicator.dart:12:9 - use_super_parameters
   info - Parameter 'key' could be a super parameter - lib\shared\widgets\loading_indicator.dart:57:9 - use_super_parameters
   info - Parameter 'key' could be a super parameter - lib\shared\widgets\loading_indicator.dart:84:9 - use_super_parameters
  error - The name 'MyApp' isn't a class - test\widget_test.dart:16:35 - creation_with_non_type

